(lam x_0 [ [ (builtin addInteger) (con integer 1) ] x_0 ])