Hash n bytestrings onto G1 and add points

    n     Script size             CPU usage               Memory usage
  ----------------------------------------------------------------------
    0      75   (0.5%)             100   (0.0%)             100   (0.0%) 
   10     185   (1.1%)       681638800   (6.8%)           39042   (0.3%) 
   20     295   (1.8%)      1363725920  (13.6%)           75402   (0.5%) 
   30     405   (2.5%)      2045813040  (20.5%)          111762   (0.8%) 
   40     515   (3.1%)      2727900160  (27.3%)          148122   (1.1%) 
   50     625   (3.8%)      3409987280  (34.1%)          184482   (1.3%) 
   60     735   (4.5%)      4092074400  (40.9%)          220842   (1.6%) 
   70     845   (5.2%)      4774161520  (47.7%)          257202   (1.8%) 
   80     955   (5.8%)      5456248640  (54.6%)          293562   (2.1%) 
   90    1065   (6.5%)      6138335760  (61.4%)          329922   (2.4%) 
  100    1175   (7.2%)      6820422880  (68.2%)          366282   (2.6%) 
  110    1285   (7.8%)      7502510000  (75.0%)          402642   (2.9%) 
  120    1395   (8.5%)      8184597120  (81.8%)          439002   (3.1%) 
  130    1505   (9.2%)      8866684240  (88.7%)          475362   (3.4%) 
  140    1615   (9.9%)      9548771360  (95.5%)          511722   (3.7%) 
  150    1725  (10.5%)     10230858480 (102.3%)          548082   (3.9%) 


Hash n bytestrings onto G2 and add points

    n     Script size             CPU usage               Memory usage
  ----------------------------------------------------------------------
    0      75   (0.5%)             100   (0.0%)             100   (0.0%) 
   10     185   (1.1%)      2075923430  (20.8%)           39384   (0.3%) 
   20     295   (1.8%)      4153608170  (41.5%)           76104   (0.5%) 
   30     405   (2.5%)      6231292910  (62.3%)          112824   (0.8%) 
   40     515   (3.1%)      8308977650  (83.1%)          149544   (1.1%) 
   50     625   (3.8%)     10386662390 (103.9%)          186264   (1.3%) 
   60     735   (4.5%)     12464347130 (124.6%)          222984   (1.6%) 
   70     845   (5.2%)     14542031870 (145.4%)          259704   (1.9%) 
   80     955   (5.8%)     16619716610 (166.2%)          296424   (2.1%) 
   90    1065   (6.5%)     18697401350 (187.0%)          333144   (2.4%) 
  100    1175   (7.2%)     20775086090 (207.8%)          369864   (2.6%) 
  110    1285   (7.8%)     22852770830 (228.5%)          406584   (2.9%) 
  120    1395   (8.5%)     24930455570 (249.3%)          443304   (3.2%) 
  130    1505   (9.2%)     27008140310 (270.1%)          480024   (3.4%) 
  140    1615   (9.9%)     29085825050 (290.9%)          516744   (3.7%) 
  150    1725  (10.5%)     31163509790 (311.6%)          553464   (4.0%) 


Uncompress n G1 points and add the results

    n     Script size             CPU usage               Memory usage
  ----------------------------------------------------------------------
    0      69   (0.4%)             100   (0.0%)             100   (0.0%) 
   10     619   (3.8%)       183823250   (1.8%)           37042   (0.3%) 
   20    1169   (7.1%)       368094820   (3.7%)           71402   (0.5%) 
   30    1719  (10.5%)       552366390   (5.5%)          105762   (0.8%) 
   40    2269  (13.8%)       736637960   (7.4%)          140122   (1.0%) 
   50    2819  (17.2%)       920909530   (9.2%)          174482   (1.2%) 
   60    3369  (20.6%)      1105181100  (11.1%)          208842   (1.5%) 
   70    3919  (23.9%)      1289452670  (12.9%)          243202   (1.7%) 
   80    4469  (27.3%)      1473724240  (14.7%)          277562   (2.0%) 
   90    5019  (30.6%)      1657995810  (16.6%)          311922   (2.2%) 
  100    5569  (34.0%)      1842267380  (18.4%)          346282   (2.5%) 
  110    6119  (37.3%)      2026538950  (20.3%)          380642   (2.7%) 
  120    6669  (40.7%)      2210810520  (22.1%)          415002   (3.0%) 
  130    7219  (44.1%)      2395082090  (24.0%)          449362   (3.2%) 
  140    7769  (47.4%)      2579353660  (25.8%)          483722   (3.5%) 
  150    8319  (50.8%)      2763625230  (27.6%)          518082   (3.7%) 


Uncompress n G2 points and add the results

    n     Script size             CPU usage               Memory usage
  ----------------------------------------------------------------------
    0      69   (0.4%)             100   (0.0%)             100   (0.0%) 
   10    1099   (6.7%)       361567910   (3.6%)           37384   (0.3%) 
   20    2129  (13.0%)       724897130   (7.2%)           72104   (0.5%) 
   30    3159  (19.3%)      1088226350  (10.9%)          106824   (0.8%) 
   40    4189  (25.6%)      1451555570  (14.5%)          141544   (1.0%) 
   50    5219  (31.9%)      1814884790  (18.1%)          176264   (1.3%) 
   60    6249  (38.1%)      2178214010  (21.8%)          210984   (1.5%) 
   70    7279  (44.4%)      2541543230  (25.4%)          245704   (1.8%) 
   80    8309  (50.7%)      2904872450  (29.0%)          280424   (2.0%) 
   90    9339  (57.0%)      3268201670  (32.7%)          315144   (2.3%) 
  100   10369  (63.3%)      3631530890  (36.3%)          349864   (2.5%) 
  110   11399  (69.6%)      3994860110  (39.9%)          384584   (2.7%) 
  120   12429  (75.9%)      4358189330  (43.6%)          419304   (3.0%) 
  130   13459  (82.1%)      4721518550  (47.2%)          454024   (3.2%) 
  140   14489  (88.4%)      5084847770  (50.8%)          488744   (3.5%) 
  150   15519  (94.7%)      5448176990  (54.5%)          523464   (3.7%) 


Apply pairing to two pairs of points in G1 x G2 and run finalVerify on the results

    n     Script size             CPU usage               Memory usage
  ----------------------------------------------------------------------
    -     334   (2.0%)      1193741374  (11.9%)            3746   (0.0%) 


Groth16 verification example

    n     Script size             CPU usage               Memory usage
  ----------------------------------------------------------------------
    -     779   (4.8%)      2316309514  (23.2%)           10904   (0.1%) 

VRF example

    n     Script size             CPU usage               Memory usage
  ----------------------------------------------------------------------
    -     841   (5.1%)      1324370370  (13.2%)          318915   (2.3%) 

G1 Verify

    n     Script size             CPU usage               Memory usage
  ----------------------------------------------------------------------
    -     325   (2.0%)      1448435500  (14.5%)            4936   (0.0%) 

G2 Verify

    n     Script size             CPU usage               Memory usage
  ----------------------------------------------------------------------
    -     374   (2.3%)      1310188206  (13.1%)            4918   (0.0%) 

Aggregate Single Key

    n     Script size             CPU usage               Memory usage
  ----------------------------------------------------------------------
    -     773   (4.7%)      3326501083  (33.3%)           70684   (0.5%) 

Aggregate Multi Key

    n     Script size             CPU usage               Memory usage
  ----------------------------------------------------------------------
    -    1740  (10.6%)      3708328401  (37.1%)          565357   (4.0%) 

Schnorr Signature G1

    n     Script size             CPU usage               Memory usage
  ----------------------------------------------------------------------
    -     473   (2.9%)       534397472   (5.3%)          264906   (1.9%) 

Schnorr Signature G2

    n     Script size             CPU usage               Memory usage
  ----------------------------------------------------------------------
    -     665   (4.1%)       954042193   (9.5%)          265092   (1.9%) 

Groth16Verify succeeded
Simple Verify succeeded
VRF succeeded
G1 Verify succeeded
G2 Verify succeeded
Aggregate Signature Single Key G1 Verify succeeded
Aggregate Signature Multi Key G2 Verify succeeded
Schnorr G1 Verify succeeded
Schnorr G2 Verify succeeded
