(con data (Constr 1 [I 1, Constr 1 [I 2, Constr 0 []]]))