(program
  1.1.0
  (let
    (nonrec)
    (termbind
      (strict)
      (vardecl integerNegate (fun (con integer) (con integer)))
      (lam x (con integer) [ [ (builtin subtractInteger) (con integer 0) ] x ])
    )
    (lam
      x
      (con integer)
      (let
        (nonrec)
        (termbind
          (strict)
          (vardecl y (con integer))
          [ integerNegate [ integerNegate (con integer 24680135792468013579) ] ]
        )
        [
          [
            (builtin addInteger)
            (let
              (nonrec)
              (termbind
                (strict)
                (vardecl y (con integer))
                [ integerNegate (con integer 99887766554433221100) ]
              )
              [
                [
                  (builtin addInteger)
                  [
                    [ (builtin addInteger) (con integer 98765432109876543210) ]
                    (let
                      (nonrec)
                      (termbind
                        (strict)
                        (vardecl y (con integer))
                        [ integerNegate (con integer 654) ]
                      )
                      [
                        [
                          (builtin addInteger)
                          [
                            [ (builtin addInteger) (con integer 456) ]
                            (let
                              (nonrec)
                              (termbind
                                (strict)
                                (vardecl y (con integer))
                                [
                                  integerNegate
                                  [
                                    integerNegate
                                    (con integer 13579246801357924680)
                                  ]
                                ]
                              )
                              [
                                [
                                  (builtin addInteger)
                                  (let
                                    (nonrec)
                                    (termbind
                                      (strict)
                                      (vardecl y (con integer))
                                      [
                                        integerNegate
                                        (con integer 11223344556677889900)
                                      ]
                                    )
                                    [
                                      [
                                        (builtin addInteger)
                                        [
                                          [
                                            (builtin addInteger)
                                            (con integer 12345678901234567890)
                                          ]
                                          (let
                                            (nonrec)
                                            (termbind
                                              (strict)
                                              (vardecl y (con integer))
                                              [
                                                integerNegate (con integer 321)
                                              ]
                                            )
                                            [
                                              [
                                                (builtin addInteger)
                                                [
                                                  [
                                                    (builtin multiplyInteger)
                                                    (con integer 123)
                                                  ]
                                                  x
                                                ]
                                              ]
                                              y
                                            ]
                                          )
                                        ]
                                      ]
                                      y
                                    ]
                                  )
                                ]
                                y
                              ]
                            )
                          ]
                        ]
                        y
                      ]
                    )
                  ]
                ]
                y
              ]
            )
          ]
          y
        ]
      )
    )
  )
)