(let
  (nonrec)
  (termbind
    (strict)
    (vardecl f (fun (con integer) (con integer)))
    (lam
      x
      (con integer)
      [ [ (builtin addInteger) (con integer 1) ] (con integer 2) ]
    )
  )
  [
    [
      (builtin addInteger)
      [ [ (builtin addInteger) (con integer 1) ] (con integer 2) ]
    ]
    [ [ (builtin addInteger) (con integer 1) ] (con integer 2) ]
  ]
)