[
  [ [ (force (force (force (force g_i1)))) (con integer 3) ] (con integer 4) ]
  (con integer 5)
]