[ (force (force (force (force (force g_i1))))) (con integer 2) ]