    n     Script size             CPU usage               Memory usage
  ----------------------------------------------------------------------
    0     493   (3.0%)         6644466   (0.1%)           24254   (0.2%) 
   10    2220  (13.5%)       734836406   (7.3%)          519404   (3.7%) 
   20    3947  (24.1%)      1463028346  (14.6%)         1014554   (7.2%) 
   30    5674  (34.6%)      2191220286  (21.9%)         1509704  (10.8%) 
   40    7401  (45.2%)      2919412226  (29.2%)         2004854  (14.3%) 
   50    9127  (55.7%)      3647604166  (36.5%)         2500004  (17.9%) 
   60   10854  (66.2%)      4375796106  (43.8%)         2995154  (21.4%) 
   70   12581  (76.8%)      5103988046  (51.0%)         3490304  (24.9%) 
   80   14307  (87.3%)      5832179986  (58.3%)         3985454  (28.5%) 
   90   16034  (97.9%)      6560371926  (65.6%)         4480604  (32.0%) 
  100   17761 (108.4%)      7288563866  (72.9%)         4975754  (35.5%) 
  110   19488 (118.9%)      8016755806  (80.2%)         5470904  (39.1%) 
  120   21214 (129.5%)      8744947746  (87.4%)         5966054  (42.6%) 
  130   22941 (140.0%)      9473139686  (94.7%)         6461204  (46.2%) 
  140   24668 (150.6%)     10201331626 (102.0%)         6956354  (49.7%) 
  150   26395 (161.1%)     10929523566 (109.3%)         7451504  (53.2%) 

Off-chain version succeeded on 100 inputs
