(Left An error has occurred:  error:
A non-constructor value was scrutinized in a case expression)