(Right VCon (Some (ValueOf DefaultUniString "hello")))