(Right VCon (Some (ValueOf DefaultUniInteger (-1))))