(Right VCon (Some (ValueOf DefaultUniString "no")))