(Right VClosure {codePointer = 6, env = BHead 1 (Leaf (VCon (Some (ValueOf DefaultUniInteger 1)))) Nil})