(Left An error has occurred:  User error:
EvaluationFailure)