(Right VCon (Some (ValueOf DefaultUniBool False)))