(Right VBuiltin {function = IfThenElse, runtime = <builtin_runtime>})