(Right VBuiltin MultiplyInteger <builtin_runtime>)