(Left An error has occurred:  error:
Could not unlift a value:
Type mismatch: expected: bool; actual: string)