(Right VCon (Some (ValueOf DefaultUniString "11 <= 22")))