(Right VBuiltin {function = MultiplyInteger, runtime = <builtin_runtime>})