(Right VCon (Some (ValueOf DefaultUniInteger 33)))