(Right VCon (Some (ValueOf DefaultUniInteger 242)))