(Left An error has occurred:  error:
Attempted to instantiate a non-polymorphic term.)