(Right VConstr [ApplyRTL,Return] 0 [VCon (Some (ValueOf DefaultUniInteger 1))])