(Right VConstr {codePointer = 5, tag = 1, args = [VCon (Some (ValueOf DefaultUniString "hello"))]})